error[E0277]: the trait bound `bool: ValueEnum` is not satisfied
   --> tests/derive_ui/stable/bool_value_enum.rs:7:11
    |
7   |     opts: bool,
    |           ^^^^ the trait `ValueEnum` is not implemented for `bool`
    |
note: required by `clap::ValueEnum::from_str`
   --> src/derive.rs
    |
    |     fn from_str(input: &str, ignore_case: bool) -> Result<Self, String> {
    |     ^^^^^^^^^^^^^^^^^^^^^^^^^^^^^^^^^^^^^^^^^^^^^^^^^^^^^^^^^^^^^^^^^^^

error[E0618]: expected function, found enum variant `bool`
 --> tests/derive_ui/stable/bool_value_enum.rs:7:11
  |
7 |     opts: bool,
  |           ^^^^ call expression requires function
  |
help: `bool` is a unit variant, you need to write it without the parenthesis
  |
7 |     opts: bool,
  |           ~~~~

error[E0277]: the trait bound `bool: ValueEnum` is not satisfied
   --> tests/derive_ui/stable/bool_value_enum.rs:7:11
    |
7   |     opts: bool,
    |           ^^^^ the trait `ValueEnum` is not implemented for `bool`
    |
note: required by `value_variants`
   --> src/derive.rs
    |
    |     fn value_variants<'a>() -> &'a [Self];
    |     ^^^^^^^^^^^^^^^^^^^^^^^^^^^^^^^^^^^^^^

error[E0277]: the trait bound `bool: ValueEnum` is not satisfied
   --> tests/derive_ui/stable/bool_value_enum.rs:6:5
    |
6   | /     #[clap(short, value_enum)]
7   | |     opts: bool,
    | |______________^ the trait `ValueEnum` is not implemented for `bool`
    |
note: required by a bound in `ValueEnum`
   --> src/derive.rs
    |
    | / pub trait ValueEnum: Sized + Clone {
    | |     /// All possible argument values, in display order.
    | |     fn value_variants<'a>() -> &'a [Self];
    | |
...   |
    | |     fn to_possible_value<'a>(&self) -> Option<PossibleValue<'a>>;
    | | }
    | |_^ required by this bound in `ValueEnum`
