error[E0599]: no method named `name` found for struct `ArgGroup` in the current scope
  --> tests/derive_ui/group_name_attribute.rs:11:26
   |
11 | #[group(required = true, name = "src")]
   |                          ^^^^
   |
help: there is a method `ne` with a similar name
   |
11 - #[group(required = true, name = "src")]
11 + #[group(required = true, ne = "src")]
   |
