error: `subcommand`, `flatten`, `external_subcommand` and `skip` cannot be used together
  --> $DIR/subcommand_and_flatten.rs:16:24
   |
16 |     #[clap(subcommand, flatten)]
   |                        ^^^^^^^
